0 verbose cli /usr/bin/node /usr/bin/npm
1 info using npm@10.8.2
2 info using node@v20.20.2
3 silly config load:file:/usr/lib/node_modules/npm/npmrc
4 silly config load:file:/home/user/.npmrc
5 silly config load:file:/usr/etc/npmrc
6 verbose title npm i jsdom
7 verbose argv "i" "jsdom" "--no-audit" "--no-fund"
8 verbose logfile logs-max:10 dir:/home/user/.npm/_logs/2026-09-02T00_23_59_226Z-
9 verbose logfile /home/user/.npm/_logs/2026-09-02T00_23_59_226Z-debug-0.log
10 silly packumentCache heap:998768640 maxSize:249692160 maxEntrySize:124846080
11 silly logfile done cleaning log files
12 silly idealTree buildDeps
13 silly fetch manifest jsdom@*
14 silly packumentCache full:https://registry.npmjs.org/jsdom cache-miss
15 http fetch GET 200 https://registry.npmjs.org/npm 174ms
16 http fetch GET 200 https://registry.npmjs.org/jsdom 155ms (cache miss)
17 silly packumentCache full:https://registry.npmjs.org/jsdom set size:undefined disposed:false
18 silly fetch manifest canvas@^3.0.0
19 silly packumentCache full:https://registry.npmjs.org/canvas cache-miss
20 http fetch GET 200 https://registry.npmjs.org/canvas 39ms (cache miss)
21 silly packumentCache full:https://registry.npmjs.org/canvas set size:undefined disposed:false
22 silly placeDep ROOT jsdom@29.1.1 OK for:  want: *
23 silly fetch manifest saxes@^6.0.0
24 silly packumentCache full:https://registry.npmjs.org/saxes cache-miss
25 http fetch GET 200 https://registry.npmjs.org/saxes 41ms (cache miss)
26 silly packumentCache full:https://registry.npmjs.org/saxes set size:undefined disposed:false
27 silly fetch manifest parse5@^8.0.1
28 silly packumentCache full:https://registry.npmjs.org/parse5 cache-miss
29 http fetch GET 200 https://registry.npmjs.org/parse5 29ms (cache miss)
30 silly packumentCache full:https://registry.npmjs.org/parse5 set size:undefined disposed:false
31 silly fetch manifest undici@^7.25.0
32 silly packumentCache full:https://registry.npmjs.org/undici cache-miss
33 http fetch GET 200 https://registry.npmjs.org/undici 76ms (cache miss)
34 silly packumentCache full:https://registry.npmjs.org/undici set size:undefined disposed:false
35 silly fetch manifest css-tree@^3.2.1
36 silly packumentCache full:https://registry.npmjs.org/css-tree cache-miss
37 http fetch GET 200 https://registry.npmjs.org/css-tree 40ms (cache miss)
38 silly packumentCache full:https://registry.npmjs.org/css-tree set size:undefined disposed:false
39 silly fetch manifest data-urls@^7.0.0
40 silly packumentCache full:https://registry.npmjs.org/data-urls cache-miss
41 http fetch GET 200 https://registry.npmjs.org/data-urls 34ms (cache miss)
42 silly packumentCache full:https://registry.npmjs.org/data-urls set size:undefined disposed:false
43 silly fetch manifest lru-cache@^11.3.5
44 silly packumentCache full:https://registry.npmjs.org/lru-cache cache-miss
45 http fetch GET 200 https://registry.npmjs.org/lru-cache 38ms (cache miss)
46 silly packumentCache full:https://registry.npmjs.org/lru-cache set size:undefined disposed:false
47 silly fetch manifest decimal.js@^10.6.0
48 silly packumentCache full:https://registry.npmjs.org/decimal.js cache-miss
49 http fetch GET 200 https://registry.npmjs.org/decimal.js 37ms (cache miss)
50 silly packumentCache full:https://registry.npmjs.org/decimal.js set size:undefined disposed:false
51 silly fetch manifest whatwg-url@^16.0.1
52 silly packumentCache full:https://registry.npmjs.org/whatwg-url cache-miss
53 http fetch GET 200 https://registry.npmjs.org/whatwg-url 29ms (cache miss)
54 silly packumentCache full:https://registry.npmjs.org/whatwg-url set size:undefined disposed:false
55 silly fetch manifest symbol-tree@^3.2.4
56 silly packumentCache full:https://registry.npmjs.org/symbol-tree cache-miss
57 http fetch GET 200 https://registry.npmjs.org/symbol-tree 34ms (cache miss)
58 silly packumentCache full:https://registry.npmjs.org/symbol-tree set size:undefined disposed:false
59 silly fetch manifest tough-cookie@^6.0.1
60 silly packumentCache full:https://registry.npmjs.org/tough-cookie cache-miss
61 http fetch GET 200 https://registry.npmjs.org/tough-cookie 28ms (cache miss)
62 silly packumentCache full:https://registry.npmjs.org/tough-cookie set size:undefined disposed:false
63 silly fetch manifest @exodus/bytes@^1.15.0
64 silly packumentCache full:https://registry.npmjs.org/@exodus%2fbytes cache-miss
65 http fetch GET 200 https://registry.npmjs.org/@exodus%2fbytes 65ms (cache miss)
66 silly packumentCache full:https://registry.npmjs.org/@exodus%2fbytes set size:undefined disposed:false
67 silly fetch manifest whatwg-mimetype@^5.0.0
68 silly packumentCache full:https://registry.npmjs.org/whatwg-mimetype cache-miss
69 http fetch GET 200 https://registry.npmjs.org/whatwg-mimetype 25ms (cache miss)
70 silly packumentCache full:https://registry.npmjs.org/whatwg-mimetype set size:undefined disposed:false
71 silly fetch manifest w3c-xmlserializer@^5.0.0
72 silly packumentCache full:https://registry.npmjs.org/w3c-xmlserializer cache-miss
73 http fetch GET 200 https://registry.npmjs.org/w3c-xmlserializer 30ms (cache miss)
74 silly packumentCache full:https://registry.npmjs.org/w3c-xmlserializer set size:undefined disposed:false
75 silly fetch manifest webidl-conversions@^8.0.1
76 silly packumentCache full:https://registry.npmjs.org/webidl-conversions cache-miss
77 http fetch GET 200 https://registry.npmjs.org/webidl-conversions 27ms (cache miss)
78 silly packumentCache full:https://registry.npmjs.org/webidl-conversions set size:undefined disposed:false
79 silly fetch manifest xml-name-validator@^5.0.0
80 silly packumentCache full:https://registry.npmjs.org/xml-name-validator cache-miss
81 http fetch GET 200 https://registry.npmjs.org/xml-name-validator 32ms (cache miss)
82 silly packumentCache full:https://registry.npmjs.org/xml-name-validator set size:undefined disposed:false
83 silly fetch manifest @bramus/specificity@^2.4.2
84 silly packumentCache full:https://registry.npmjs.org/@bramus%2fspecificity cache-miss
85 http fetch GET 200 https://registry.npmjs.org/@bramus%2fspecificity 41ms (cache miss)
86 silly packumentCache full:https://registry.npmjs.org/@bramus%2fspecificity set size:undefined disposed:false
87 silly fetch manifest @asamuzakjp/css-color@^5.1.11
88 silly packumentCache full:https://registry.npmjs.org/@asamuzakjp%2fcss-color cache-miss
89 http fetch GET 200 https://registry.npmjs.org/@asamuzakjp%2fcss-color 55ms (cache miss)
90 silly packumentCache full:https://registry.npmjs.org/@asamuzakjp%2fcss-color set size:undefined disposed:false
91 silly fetch manifest html-encoding-sniffer@^6.0.0
92 silly packumentCache full:https://registry.npmjs.org/html-encoding-sniffer cache-miss
93 http fetch GET 200 https://registry.npmjs.org/html-encoding-sniffer 30ms (cache miss)
94 silly packumentCache full:https://registry.npmjs.org/html-encoding-sniffer set size:undefined disposed:false
95 silly fetch manifest @asamuzakjp/dom-selector@^7.1.1
96 silly packumentCache full:https://registry.npmjs.org/@asamuzakjp%2fdom-selector cache-miss
97 http fetch GET 200 https://registry.npmjs.org/@asamuzakjp%2fdom-selector 65ms (cache miss)
98 silly packumentCache full:https://registry.npmjs.org/@asamuzakjp%2fdom-selector set size:undefined disposed:false
99 silly fetch manifest is-potential-custom-element-name@^1.0.1
100 silly packumentCache full:https://registry.npmjs.org/is-potential-custom-element-name cache-miss
101 http fetch GET 200 https://registry.npmjs.org/is-potential-custom-element-name 25ms (cache miss)
102 silly packumentCache full:https://registry.npmjs.org/is-potential-custom-element-name set size:undefined disposed:false
103 silly fetch manifest @csstools/css-syntax-patches-for-csstree@^1.1.3
104 silly packumentCache full:https://registry.npmjs.org/@csstools%2fcss-syntax-patches-for-csstree cache-miss
105 http fetch GET 200 https://registry.npmjs.org/@csstools%2fcss-syntax-patches-for-csstree 77ms (cache miss)
106 silly packumentCache full:https://registry.npmjs.org/@csstools%2fcss-syntax-patches-for-csstree set size:undefined disposed:false
107 silly fetch manifest @noble/hashes@^1.8.0 || ^2.0.0
108 silly packumentCache full:https://registry.npmjs.org/@noble%2fhashes cache-miss
109 http fetch GET 200 https://registry.npmjs.org/@noble%2fhashes 48ms (cache miss)
110 silly packumentCache full:https://registry.npmjs.org/@noble%2fhashes set size:undefined disposed:false
111 silly placeDep ROOT @asamuzakjp/css-color@5.1.11 OK for: jsdom@29.1.1 want: ^5.1.11
112 silly placeDep ROOT @asamuzakjp/dom-selector@7.1.1 OK for: jsdom@29.1.1 want: ^7.1.1
113 silly placeDep ROOT @bramus/specificity@2.4.2 OK for: jsdom@29.1.1 want: ^2.4.2
114 silly placeDep ROOT @csstools/css-syntax-patches-for-csstree@1.1.12 OK for: jsdom@29.1.1 want: ^1.1.3
115 silly placeDep ROOT @exodus/bytes@1.15.1 OK for: jsdom@29.1.1 want: ^1.15.0
116 silly placeDep ROOT css-tree@3.2.1 OK for: jsdom@29.1.1 want: ^3.2.1
117 silly placeDep ROOT data-urls@7.0.0 OK for: jsdom@29.1.1 want: ^7.0.0
118 silly placeDep ROOT decimal.js@10.6.0 OK for: jsdom@29.1.1 want: ^10.6.0
119 silly placeDep ROOT html-encoding-sniffer@6.0.0 OK for: jsdom@29.1.1 want: ^6.0.0
120 silly placeDep ROOT is-potential-custom-element-name@1.0.1 OK for: jsdom@29.1.1 want: ^1.0.1
121 silly placeDep ROOT lru-cache@11.5.2 OK for: jsdom@29.1.1 want: ^11.3.5
122 silly placeDep ROOT parse5@8.0.1 OK for: jsdom@29.1.1 want: ^8.0.1
123 silly placeDep ROOT saxes@6.0.0 OK for: jsdom@29.1.1 want: ^6.0.0
124 silly placeDep ROOT symbol-tree@3.2.4 OK for: jsdom@29.1.1 want: ^3.2.4
125 silly placeDep ROOT tough-cookie@6.0.2 OK for: jsdom@29.1.1 want: ^6.0.1
126 silly placeDep ROOT undici@7.29.0 OK for: jsdom@29.1.1 want: ^7.25.0
127 silly placeDep ROOT w3c-xmlserializer@5.0.0 OK for: jsdom@29.1.1 want: ^5.0.0
128 silly placeDep ROOT webidl-conversions@8.0.1 OK for: jsdom@29.1.1 want: ^8.0.1
129 silly placeDep ROOT whatwg-mimetype@5.0.0 OK for: jsdom@29.1.1 want: ^5.0.0
130 silly placeDep ROOT whatwg-url@16.0.1 OK for: jsdom@29.1.1 want: ^16.0.1
131 silly placeDep ROOT xml-name-validator@5.0.0 OK for: jsdom@29.1.1 want: ^5.0.0
132 silly fetch manifest @csstools/css-calc@^3.2.0
133 silly packumentCache full:https://registry.npmjs.org/@csstools%2fcss-calc cache-miss
134 http fetch GET 200 https://registry.npmjs.org/@csstools%2fcss-calc 50ms (cache miss)
135 silly packumentCache full:https://registry.npmjs.org/@csstools%2fcss-calc set size:undefined disposed:false
136 silly fetch manifest @csstools/css-tokenizer@^4.0.0
137 silly packumentCache full:https://registry.npmjs.org/@csstools%2fcss-tokenizer cache-miss
138 http fetch GET 200 https://registry.npmjs.org/@csstools%2fcss-tokenizer 40ms (cache miss)
139 silly packumentCache full:https://registry.npmjs.org/@csstools%2fcss-tokenizer set size:undefined disposed:false
140 silly fetch manifest @csstools/css-color-parser@^4.1.0
141 silly packumentCache full:https://registry.npmjs.org/@csstools%2fcss-color-parser cache-miss
142 http fetch GET 200 https://registry.npmjs.org/@csstools%2fcss-color-parser 49ms (cache miss)
143 silly packumentCache full:https://registry.npmjs.org/@csstools%2fcss-color-parser set size:undefined disposed:false
144 silly fetch manifest @asamuzakjp/generational-cache@^1.0.1
145 silly packumentCache full:https://registry.npmjs.org/@asamuzakjp%2fgenerational-cache cache-miss
146 http fetch GET 200 https://registry.npmjs.org/@asamuzakjp%2fgenerational-cache 37ms (cache miss)
147 silly packumentCache full:https://registry.npmjs.org/@asamuzakjp%2fgenerational-cache set size:undefined disposed:false
148 silly fetch manifest @csstools/css-parser-algorithms@^4.0.0
149 silly packumentCache full:https://registry.npmjs.org/@csstools%2fcss-parser-algorithms cache-miss
150 http fetch GET 200 https://registry.npmjs.org/@csstools%2fcss-parser-algorithms 62ms (cache miss)
151 silly packumentCache full:https://registry.npmjs.org/@csstools%2fcss-parser-algorithms set size:undefined disposed:false
152 silly fetch manifest bidi-js@^1.0.3
153 silly packumentCache full:https://registry.npmjs.org/bidi-js cache-miss
154 http fetch GET 200 https://registry.npmjs.org/bidi-js 28ms (cache miss)
155 silly packumentCache full:https://registry.npmjs.org/bidi-js set size:undefined disposed:false
156 silly fetch manifest @asamuzakjp/nwsapi@^2.3.9
157 silly packumentCache full:https://registry.npmjs.org/@asamuzakjp%2fnwsapi cache-miss
158 http fetch GET 200 https://registry.npmjs.org/@asamuzakjp%2fnwsapi 55ms (cache miss)
159 silly packumentCache full:https://registry.npmjs.org/@asamuzakjp%2fnwsapi set size:undefined disposed:false
160 silly fetch manifest css-tree@^3.0.0
161 silly packumentCache full:https://registry.npmjs.org/css-tree cache-miss
162 http fetch GET 200 https://registry.npmjs.org/css-tree 9ms (cache hit)
163 silly packumentCache full:https://registry.npmjs.org/css-tree set size:229638 disposed:false
164 silly fetch manifest mdn-data@2.27.1
165 silly packumentCache full:https://registry.npmjs.org/mdn-data cache-miss
166 http fetch GET 200 https://registry.npmjs.org/mdn-data 31ms (cache miss)
167 silly packumentCache full:https://registry.npmjs.org/mdn-data set size:undefined disposed:false
168 silly fetch manifest source-map-js@^1.2.1
169 silly packumentCache full:https://registry.npmjs.org/source-map-js cache-miss
170 http fetch GET 200 https://registry.npmjs.org/source-map-js 35ms (cache miss)
171 silly packumentCache full:https://registry.npmjs.org/source-map-js set size:undefined disposed:false
172 silly fetch manifest whatwg-url@^16.0.0
173 silly packumentCache full:https://registry.npmjs.org/whatwg-url cache-miss
174 http fetch GET 200 https://registry.npmjs.org/whatwg-url 6ms (cache hit)
175 silly packumentCache full:https://registry.npmjs.org/whatwg-url set size:177251 disposed:false
176 silly fetch manifest entities@^8.0.0
177 silly packumentCache full:https://registry.npmjs.org/entities cache-miss
178 http fetch GET 200 https://registry.npmjs.org/entities 28ms (cache miss)
179 silly packumentCache full:https://registry.npmjs.org/entities set size:undefined disposed:false
180 silly fetch manifest xmlchars@^2.2.0
181 silly packumentCache full:https://registry.npmjs.org/xmlchars cache-miss
182 http fetch GET 200 https://registry.npmjs.org/xmlchars 33ms (cache miss)
183 silly packumentCache full:https://registry.npmjs.org/xmlchars set size:undefined disposed:false
184 silly fetch manifest tldts@^7.0.5
185 silly packumentCache full:https://registry.npmjs.org/tldts cache-miss
186 http fetch GET 200 https://registry.npmjs.org/tldts 101ms (cache miss)
187 silly packumentCache full:https://registry.npmjs.org/tldts set size:undefined disposed:false
188 silly fetch manifest tr46@^6.0.0
189 silly packumentCache full:https://registry.npmjs.org/tr46 cache-miss
190 http fetch GET 200 https://registry.npmjs.org/tr46 34ms (cache miss)
191 silly packumentCache full:https://registry.npmjs.org/tr46 set size:undefined disposed:false
192 silly placeDep ROOT @asamuzakjp/generational-cache@1.0.1 OK for: @asamuzakjp/css-color@5.1.11 want: ^1.0.1
193 silly placeDep ROOT @csstools/css-calc@3.3.0 OK for: @asamuzakjp/css-color@5.1.11 want: ^3.2.0
194 silly placeDep ROOT @csstools/css-parser-algorithms@4.0.0 OK for: @csstools/css-calc@3.3.0 want: ^4.0.0
195 silly placeDep ROOT @csstools/css-tokenizer@4.0.0 OK for: @csstools/css-parser-algorithms@4.0.0 want: ^4.0.0
196 silly placeDep ROOT @csstools/css-color-parser@4.2.2 OK for: @asamuzakjp/css-color@5.1.11 want: ^4.1.0
197 silly fetch manifest @csstools/color-helpers@^6.1.1
198 silly packumentCache full:https://registry.npmjs.org/@csstools%2fcolor-helpers cache-miss
199 http fetch GET 200 https://registry.npmjs.org/@csstools%2fcolor-helpers 40ms (cache miss)
200 silly packumentCache full:https://registry.npmjs.org/@csstools%2fcolor-helpers set size:undefined disposed:false
201 silly placeDep ROOT @asamuzakjp/nwsapi@2.3.9 OK for: @asamuzakjp/dom-selector@7.1.1 want: ^2.3.9
202 silly placeDep ROOT bidi-js@1.0.3 OK for: @asamuzakjp/dom-selector@7.1.1 want: ^1.0.3
203 silly fetch manifest require-from-string@^2.0.2
204 silly packumentCache full:https://registry.npmjs.org/require-from-string cache-miss
205 http fetch GET 200 https://registry.npmjs.org/require-from-string 34ms (cache miss)
206 silly packumentCache full:https://registry.npmjs.org/require-from-string set size:undefined disposed:false
207 silly placeDep ROOT @csstools/color-helpers@6.1.1 OK for: @csstools/css-color-parser@4.2.2 want: ^6.1.1
208 silly placeDep ROOT require-from-string@2.0.2 OK for: bidi-js@1.0.3 want: ^2.0.2
209 silly placeDep ROOT mdn-data@2.27.1 OK for: css-tree@3.2.1 want: 2.27.1
210 silly placeDep ROOT source-map-js@1.2.1 OK for: css-tree@3.2.1 want: ^1.2.1
211 silly placeDep ROOT entities@8.0.0 OK for: parse5@8.0.1 want: ^8.0.0
212 silly placeDep ROOT xmlchars@2.2.0 OK for: saxes@6.0.0 want: ^2.2.0
213 silly placeDep ROOT tldts@7.4.11 OK for: tough-cookie@6.0.2 want: ^7.0.5
214 silly fetch manifest tldts-core@^7.4.11
215 silly packumentCache full:https://registry.npmjs.org/tldts-core cache-miss
216 http fetch GET 200 https://registry.npmjs.org/tldts-core 90ms (cache miss)
217 silly packumentCache full:https://registry.npmjs.org/tldts-core set size:undefined disposed:false
218 silly placeDep ROOT tldts-core@7.4.11 OK for: tldts@7.4.11 want: ^7.4.11
219 silly placeDep ROOT tr46@6.0.0 OK for: whatwg-url@16.0.1 want: ^6.0.0
220 silly fetch manifest punycode@^2.3.1
221 silly packumentCache full:https://registry.npmjs.org/punycode cache-miss
222 http fetch GET 200 https://registry.npmjs.org/punycode 38ms (cache miss)
223 silly packumentCache full:https://registry.npmjs.org/punycode set size:undefined disposed:false
224 silly placeDep ROOT punycode@2.3.1 OK for: tr46@6.0.0 want: ^2.3.1
225 silly reify moves {}
226 silly tarball no local data for punycode@https://registry.npmjs.org/punycode/-/punycode-2.3.1.tgz. Extracting by manifest.
227 silly tarball no local data for tr46@https://registry.npmjs.org/tr46/-/tr46-6.0.0.tgz. Extracting by manifest.
228 silly tarball no local data for tldts-core@https://registry.npmjs.org/tldts-core/-/tldts-core-7.4.11.tgz. Extracting by manifest.
229 silly tarball no local data for tldts@https://registry.npmjs.org/tldts/-/tldts-7.4.11.tgz. Extracting by manifest.
230 silly tarball no local data for xmlchars@https://registry.npmjs.org/xmlchars/-/xmlchars-2.2.0.tgz. Extracting by manifest.
231 silly tarball no local data for entities@https://registry.npmjs.org/entities/-/entities-8.0.0.tgz. Extracting by manifest.
232 silly tarball no local data for source-map-js@https://registry.npmjs.org/source-map-js/-/source-map-js-1.2.1.tgz. Extracting by manifest.
233 silly tarball no local data for mdn-data@https://registry.npmjs.org/mdn-data/-/mdn-data-2.27.1.tgz. Extracting by manifest.
234 silly tarball no local data for require-from-string@https://registry.npmjs.org/require-from-string/-/require-from-string-2.0.2.tgz. Extracting by manifest.
235 silly tarball no local data for @csstools/color-helpers@https://registry.npmjs.org/@csstools/color-helpers/-/color-helpers-6.1.1.tgz. Extracting by manifest.
236 silly tarball no local data for bidi-js@https://registry.npmjs.org/bidi-js/-/bidi-js-1.0.3.tgz. Extracting by manifest.
237 silly tarball no local data for @asamuzakjp/nwsapi@https://registry.npmjs.org/@asamuzakjp/nwsapi/-/nwsapi-2.3.9.tgz. Extracting by manifest.
238 silly tarball no local data for @csstools/css-color-parser@https://registry.npmjs.org/@csstools/css-color-parser/-/css-color-parser-4.2.2.tgz. Extracting by manifest.
239 silly tarball no local data for @csstools/css-tokenizer@https://registry.npmjs.org/@csstools/css-tokenizer/-/css-tokenizer-4.0.0.tgz. Extracting by manifest.
240 silly tarball no local data for @csstools/css-parser-algorithms@https://registry.npmjs.org/@csstools/css-parser-algorithms/-/css-parser-algorithms-4.0.0.tgz. Extracting by manifest.
241 silly tarball no local data for @csstools/css-calc@https://registry.npmjs.org/@csstools/css-calc/-/css-calc-3.3.0.tgz. Extracting by manifest.
242 silly tarball no local data for @asamuzakjp/generational-cache@https://registry.npmjs.org/@asamuzakjp/generational-cache/-/generational-cache-1.0.1.tgz. Extracting by manifest.
243 silly tarball no local data for xml-name-validator@https://registry.npmjs.org/xml-name-validator/-/xml-name-validator-5.0.0.tgz. Extracting by manifest.
244 silly tarball no local data for whatwg-url@https://registry.npmjs.org/whatwg-url/-/whatwg-url-16.0.1.tgz. Extracting by manifest.
245 silly tarball no local data for whatwg-mimetype@https://registry.npmjs.org/whatwg-mimetype/-/whatwg-mimetype-5.0.0.tgz. Extracting by manifest.
246 silly tarball no local data for webidl-conversions@https://registry.npmjs.org/webidl-conversions/-/webidl-conversions-8.0.1.tgz. Extracting by manifest.
247 silly tarball no local data for w3c-xmlserializer@https://registry.npmjs.org/w3c-xmlserializer/-/w3c-xmlserializer-5.0.0.tgz. Extracting by manifest.
248 silly tarball no local data for undici@https://registry.npmjs.org/undici/-/undici-7.29.0.tgz. Extracting by manifest.
249 silly tarball no local data for tough-cookie@https://registry.npmjs.org/tough-cookie/-/tough-cookie-6.0.2.tgz. Extracting by manifest.
250 silly tarball no local data for symbol-tree@https://registry.npmjs.org/symbol-tree/-/symbol-tree-3.2.4.tgz. Extracting by manifest.
251 silly tarball no local data for saxes@https://registry.npmjs.org/saxes/-/saxes-6.0.0.tgz. Extracting by manifest.
252 silly tarball no local data for parse5@https://registry.npmjs.org/parse5/-/parse5-8.0.1.tgz. Extracting by manifest.
253 silly tarball no local data for lru-cache@https://registry.npmjs.org/lru-cache/-/lru-cache-11.5.2.tgz. Extracting by manifest.
254 silly tarball no local data for is-potential-custom-element-name@https://registry.npmjs.org/is-potential-custom-element-name/-/is-potential-custom-element-name-1.0.1.tgz. Extracting by manifest.
255 silly tarball no local data for html-encoding-sniffer@https://registry.npmjs.org/html-encoding-sniffer/-/html-encoding-sniffer-6.0.0.tgz. Extracting by manifest.
256 silly tarball no local data for decimal.js@https://registry.npmjs.org/decimal.js/-/decimal.js-10.6.0.tgz. Extracting by manifest.
257 silly tarball no local data for data-urls@https://registry.npmjs.org/data-urls/-/data-urls-7.0.0.tgz. Extracting by manifest.
258 silly tarball no local data for css-tree@https://registry.npmjs.org/css-tree/-/css-tree-3.2.1.tgz. Extracting by manifest.
259 silly tarball no local data for @exodus/bytes@https://registry.npmjs.org/@exodus/bytes/-/bytes-1.15.1.tgz. Extracting by manifest.
260 silly tarball no local data for @csstools/css-syntax-patches-for-csstree@https://registry.npmjs.org/@csstools/css-syntax-patches-for-csstree/-/css-syntax-patches-for-csstree-1.1.12.tgz. Extracting by manifest.
261 silly tarball no local data for @bramus/specificity@https://registry.npmjs.org/@bramus/specificity/-/specificity-2.4.2.tgz. Extracting by manifest.
262 silly tarball no local data for @asamuzakjp/dom-selector@https://registry.npmjs.org/@asamuzakjp/dom-selector/-/dom-selector-7.1.1.tgz. Extracting by manifest.
263 silly tarball no local data for @asamuzakjp/css-color@https://registry.npmjs.org/@asamuzakjp/css-color/-/css-color-5.1.11.tgz. Extracting by manifest.
264 silly tarball no local data for jsdom@https://registry.npmjs.org/jsdom/-/jsdom-29.1.1.tgz. Extracting by manifest.
265 http fetch GET 200 https://registry.npmjs.org/punycode/-/punycode-2.3.1.tgz 135ms (cache miss)
266 http fetch GET 200 https://registry.npmjs.org/tr46/-/tr46-6.0.0.tgz 298ms (cache miss)
267 http fetch GET 200 https://registry.npmjs.org/@csstools/css-calc/-/css-calc-3.3.0.tgz 363ms (cache miss)
268 http fetch GET 200 https://registry.npmjs.org/xml-name-validator/-/xml-name-validator-5.0.0.tgz 361ms (cache miss)
269 http fetch GET 200 https://registry.npmjs.org/@asamuzakjp/generational-cache/-/generational-cache-1.0.1.tgz 369ms (cache miss)
270 http fetch GET 200 https://registry.npmjs.org/whatwg-mimetype/-/whatwg-mimetype-5.0.0.tgz 384ms (cache miss)
271 http fetch GET 200 https://registry.npmjs.org/w3c-xmlserializer/-/w3c-xmlserializer-5.0.0.tgz 385ms (cache miss)
272 http fetch GET 200 https://registry.npmjs.org/webidl-conversions/-/webidl-conversions-8.0.1.tgz 390ms (cache miss)
273 http fetch GET 200 https://registry.npmjs.org/is-potential-custom-element-name/-/is-potential-custom-element-name-1.0.1.tgz 382ms (cache miss)
274 http fetch GET 200 https://registry.npmjs.org/require-from-string/-/require-from-string-2.0.2.tgz 401ms (cache miss)
275 http fetch GET 200 https://registry.npmjs.org/data-urls/-/data-urls-7.0.0.tgz 386ms (cache miss)
276 http fetch GET 200 https://registry.npmjs.org/html-encoding-sniffer/-/html-encoding-sniffer-6.0.0.tgz 389ms (cache miss)
277 http fetch GET 200 https://registry.npmjs.org/whatwg-url/-/whatwg-url-16.0.1.tgz 409ms (cache miss)
278 http fetch GET 200 https://registry.npmjs.org/@csstools/css-syntax-patches-for-csstree/-/css-syntax-patches-for-csstree-1.1.12.tgz 396ms (cache miss)
279 http fetch GET 200 https://registry.npmjs.org/@csstools/css-parser-algorithms/-/css-parser-algorithms-4.0.0.tgz 420ms (cache miss)
280 http fetch GET 200 https://registry.npmjs.org/symbol-tree/-/symbol-tree-3.2.4.tgz 412ms (cache miss)
281 http fetch GET 200 https://registry.npmjs.org/@csstools/color-helpers/-/color-helpers-6.1.1.tgz 432ms (cache miss)
282 http fetch GET 200 https://registry.npmjs.org/@asamuzakjp/nwsapi/-/nwsapi-2.3.9.tgz 432ms (cache miss)
283 http fetch GET 200 https://registry.npmjs.org/@csstools/css-tokenizer/-/css-tokenizer-4.0.0.tgz 432ms (cache miss)
284 http fetch GET 200 https://registry.npmjs.org/@csstools/css-color-parser/-/css-color-parser-4.2.2.tgz 435ms (cache miss)
285 http fetch GET 200 https://registry.npmjs.org/saxes/-/saxes-6.0.0.tgz 430ms (cache miss)
286 http fetch GET 200 https://registry.npmjs.org/xmlchars/-/xmlchars-2.2.0.tgz 464ms (cache miss)
287 http fetch GET 200 https://registry.npmjs.org/decimal.js/-/decimal.js-10.6.0.tgz 444ms (cache miss)
288 http fetch GET 200 https://registry.npmjs.org/@asamuzakjp/dom-selector/-/dom-selector-7.1.1.tgz 451ms (cache miss)
289 http fetch GET 200 https://registry.npmjs.org/source-map-js/-/source-map-js-1.2.1.tgz 495ms (cache miss)
290 http fetch GET 200 https://registry.npmjs.org/bidi-js/-/bidi-js-1.0.3.tgz 503ms (cache miss)
291 http fetch GET 200 https://registry.npmjs.org/tough-cookie/-/tough-cookie-6.0.2.tgz 551ms (cache miss)
292 http fetch GET 200 https://registry.npmjs.org/parse5/-/parse5-8.0.1.tgz 554ms (cache miss)
293 http fetch GET 200 https://registry.npmjs.org/mdn-data/-/mdn-data-2.27.1.tgz 573ms (cache miss)
294 http fetch GET 200 https://registry.npmjs.org/@bramus/specificity/-/specificity-2.4.2.tgz 571ms (cache miss)
295 http fetch GET 200 https://registry.npmjs.org/entities/-/entities-8.0.0.tgz 604ms (cache miss)
296 http fetch GET 200 https://registry.npmjs.org/@exodus/bytes/-/bytes-1.15.1.tgz 606ms (cache miss)
297 http fetch GET 200 https://registry.npmjs.org/@asamuzakjp/css-color/-/css-color-5.1.11.tgz 611ms (cache miss)
298 http fetch GET 200 https://registry.npmjs.org/tldts-core/-/tldts-core-7.4.11.tgz 656ms (cache miss)
299 http fetch GET 200 https://registry.npmjs.org/tldts/-/tldts-7.4.11.tgz 744ms (cache miss)
300 http fetch GET 200 https://registry.npmjs.org/lru-cache/-/lru-cache-11.5.2.tgz 745ms (cache miss)
301 http fetch GET 200 https://registry.npmjs.org/undici/-/undici-7.29.0.tgz 786ms (cache miss)
302 http fetch GET 200 https://registry.npmjs.org/css-tree/-/css-tree-3.2.1.tgz 787ms (cache miss)
303 http fetch GET 200 https://registry.npmjs.org/jsdom/-/jsdom-29.1.1.tgz 901ms (cache miss)
304 silly ADD node_modules/punycode
305 silly ADD node_modules/tr46
306 silly ADD node_modules/tldts-core
307 silly ADD node_modules/tldts
308 silly ADD node_modules/xmlchars
309 silly ADD node_modules/entities
310 silly ADD node_modules/source-map-js
311 silly ADD node_modules/mdn-data
312 silly ADD node_modules/require-from-string
313 silly ADD node_modules/@csstools/color-helpers
314 silly ADD node_modules/bidi-js
315 silly ADD node_modules/@asamuzakjp/nwsapi
316 silly ADD node_modules/@csstools/css-color-parser
317 silly ADD node_modules/@csstools/css-tokenizer
318 silly ADD node_modules/@csstools/css-parser-algorithms
319 silly ADD node_modules/@csstools/css-calc
320 silly ADD node_modules/@asamuzakjp/generational-cache
321 silly ADD node_modules/xml-name-validator
322 silly ADD node_modules/whatwg-url
323 silly ADD node_modules/whatwg-mimetype
324 silly ADD node_modules/webidl-conversions
325 silly ADD node_modules/w3c-xmlserializer
326 silly ADD node_modules/undici
327 silly ADD node_modules/tough-cookie
328 silly ADD node_modules/symbol-tree
329 silly ADD node_modules/saxes
330 silly ADD node_modules/parse5
331 silly ADD node_modules/lru-cache
332 silly ADD node_modules/is-potential-custom-element-name
333 silly ADD node_modules/html-encoding-sniffer
334 silly ADD node_modules/decimal.js
335 silly ADD node_modules/data-urls
336 silly ADD node_modules/css-tree
337 silly ADD node_modules/@exodus/bytes
338 silly ADD node_modules/@csstools/css-syntax-patches-for-csstree
339 silly ADD node_modules/@bramus/specificity
340 silly ADD node_modules/@asamuzakjp/dom-selector
341 silly ADD node_modules/@asamuzakjp/css-color
342 silly ADD node_modules/jsdom
343 verbose cwd /home/user
344 verbose os Linux 6.1.158+
345 verbose node v20.20.2
346 verbose npm  v10.8.2
347 notice
347 notice New major version of npm available! 10.8.2 -> 12.0.2
347 notice Changelog: https://github.com/npm/cli/releases/tag/v12.0.2
347 notice To update run: npm install -g npm@12.0.2
347 notice  { force: true, [Symbol(proc-log.meta)]: true }
348 verbose exit 0
349 info ok
